[agestar.ng/index.html]
[backblue.gif]
[fade.gif]
[index.html]
[agestar.ng/feed/index.html]
[agestar.ng/comments/feed/index.html]
[agestar.ng/wp-includes/js/jquery/jquery.minf43b.js]
[agestar.ng/wp-includes/js/jquery/jquery-migrate.min5589.js]
[agestar.ng/wp-json/wp/v2/pages/89.json]
[agestar.ng/wp-json/index.html]
[agestar.ng/wp-json/oembed/1.0/embed6c50.json]
[agestar.ng/wp-json/oembed/1.0/embede404]
[agestar.ng/wp-content/uploads/2024/01/cropped-AGE-STAR-COMPANY-PROFILE_logo_white-32x32.png]
[agestar.ng/wp-content/uploads/2024/01/cropped-AGE-STAR-COMPANY-PROFILE_logo_white-192x192.png]
[agestar.ng/wp-content/uploads/2024/01/cropped-AGE-STAR-COMPANY-PROFILE_logo_white-180x180.png]
[agestar.ng/wp-content/uploads/2024/01/AGE-STAR-COMPANY-PROFILE_logo-long.png]
[agestar.ng/wp-content/plugins/revslider/public/assets/assets/dummy.png]
[agestar.ng/training/index.html]
[agestar.ng/info-tech/index.html]
[agestar.ng/consultancy/index.html]
[agestar.ng/general-construction/index.html]
[agestar.ng/wp-content/uploads/2024/01/Age_Star_General_Contract8.jpg]
[agestar.ng/real-estate-development/index.html]
[agestar.ng/road-construction/index.html]
[agestar.ng/contact-us/index.html]
[agestar.ng/wp-content/uploads/2024/01/cancellation-1651306_1280.jpg]
[agestar.ng/wp-content/uploads/2024/01/AGE-STAR-COMPANY-PROFILE_logo.png]
[shtheme.com/demosd/ziptech/wp-content/uploads/2023/04/why-choose-us-style2-obj1.png]
[shtheme.com/demosd/ziptech/wp-content/uploads/2023/04/why-choose-us-style2-obj2.png]
[agestar.ng/wp-content/uploads/2024/01/jason-goodman-bzqU01v-G54-unsplash-scaled.jpg]
[agestar.ng/wp-content/uploads/2024/01/Age_Star7-1-300x300.jpg]
[agestar.ng/wp-content/uploads/2024/01/Age_Star_Consultancy10.jpg]
[agestar.ng/wp-content/uploads/2024/01/AGE-STAR-COMPANY-PROFILE_logo_white-1.png]
[agestar.ng/wp-content/uploads/2024/01/AGE-STAR-COMPANY-PROFILE_logo_full_white-1.png]
[agestar.ng/wp-content/plugins/contact-form-7/includes/swv/js/index6281.js]
[agestar.ng/wp-content/plugins/contact-form-7/includes/js/index6281.js]
[agestar.ng/wp-content/plugins/revslider/public/assets/js/rbtools.min847e.js]
[agestar.ng/wp-content/plugins/revslider/public/assets/js/rs6.min847e.js]
[agestar.ng/wp-content/themes/ziptech/js/jquery-3.6.0.mine63c.js]
[agestar.ng/wp-content/themes/ziptech/js/jquery.nice-select.mine63c.js]
[agestar.ng/wp-content/themes/ziptech/js/bootstrap.mine63c.js]
[agestar.ng/wp-content/themes/ziptech/js/jquery.appear.mine63c.js]
[agestar.ng/wp-content/themes/ziptech/js/wow.mine63c.js]
[agestar.ng/wp-content/themes/ziptech/js/owl.carousel.mine63c.js]
[agestar.ng/wp-content/themes/ziptech/js/jquery.event.movee63c.js]
[agestar.ng/wp-content/themes/ziptech/js/jquery.twentytwentye63c.js]
[agestar.ng/wp-content/themes/ziptech/js/tilt.jquery.mine63c.js]
[agestar.ng/wp-content/themes/ziptech/js/magnific-popup.mine63c.js]
[agestar.ng/wp-content/themes/ziptech/js/backtotope63c.js]
[agestar.ng/wp-content/themes/ziptech/js/triggere63c.js]
[agestar.ng/wp-content/plugins/ziptech-elementor/assets/js/bdevs-elementor8a54.js]
[agestar.ng/wp-content/plugins/elementor-pro/assets/js/webpack-pro.runtime.minf3df.js]
[agestar.ng/wp-content/plugins/elementor/assets/js/webpack.runtime.minf3b2.js]
[agestar.ng/wp-content/plugins/elementor/assets/js/frontend-modules.minf3b2.js]
[agestar.ng/wp-includes/js/dist/vendor/wp-polyfill-inert.min0226.js]
[agestar.ng/wp-includes/js/dist/vendor/regenerator-runtime.min6c85.js]
[agestar.ng/wp-includes/js/dist/vendor/wp-polyfill.min2c7c.js]
[agestar.ng/wp-includes/js/dist/hooks.min2757.js]
[agestar.ng/wp-includes/js/dist/i18n.minc33c.js]
[agestar.ng/wp-content/plugins/elementor-pro/assets/js/frontend.minf3df.js]
[agestar.ng/wp-content/plugins/elementor/assets/lib/waypoints/waypoints.min05da.js]
[agestar.ng/wp-includes/js/jquery/ui/core.min3f14.js]
[agestar.ng/wp-content/plugins/elementor/assets/js/frontend.minf3b2.js]
[agestar.ng/wp-content/plugins/elementor-pro/assets/js/elements-handlers.minf3df.js]
[agestar.ng/index.html]
[agestar.ng/wp-content/plugins/contact-form-7/includes/css/styles6281.css]
[agestar.ng/wp-content/themes/ziptech/stylee63c.css]
[agestar.ng/wp-content/themes/ziptech-child/stylee63c.css]
[agestar.ng/wp-content/themes/ziptech/images/bg/bg1.jpg]
[agestar.ng/wp-content/themes/ziptech/images/bg/bg2.4f.delayed]
[agestar.ng/wp-content/themes/ziptech/images/bg/bg3.50.delayed]
[agestar.ng/wp-content/themes/ziptech/images/bg/3.jpg]
[agestar.ng/wp-content/themes/ziptech/images/objects/brush-obj1.52.delayed]
[agestar.ng/wp-content/themes/ziptech/images/bg/home6-img2.png]
[agestar.ng/wp-content/themes/ziptech/images/bg/1.jpg]
[agestar.ng/wp-content/themes/ziptech/images/bg/banner1.55.delayed]
[agestar.ng/wp-content/themes/ziptech/images/about/wave2.png]
[agestar.ng/wp-content/themes/ziptech/images/down-arrow.png]
[agestar.ng/wp-content/themes/ziptech/images/objects/1.png]
[agestar.ng/wp-content/themes/ziptech/images/bg/abs-bg1.png]
[agestar.ng/wp-content/themes/ziptech/images/bg/abs-bg2.png]
[agestar.ng/wp-content/themes/ziptech/images/bg/7.jpg]
[agestar.ng/wp-content/themes/ziptech/images/service/1.5c.delayed]
[agestar.ng/wp-content/themes/ziptech/images/objects/6.png]
[agestar.ng/wp-content/themes/ziptech/images/objects/funfact-obj1.png]
[agestar.ng/wp-content/themes/ziptech/images/bg/2.jpg]
[agestar.ng/wp-content/themes/ziptech/images/bg/4.jpg]
[agestar.ng/wp-content/themes/ziptech/images/bg/5.jpg]
[agestar.ng/wp-content/themes/ziptech/images/bg/contact-form-bg.62.delayed]
[agestar.ng/wp-content/themes/ziptech/css/stylee63c.css]
[agestar.ng/wp-content/themes/ziptech/css/responsivee63c.css]
[agestar.ng/wp-content/themes/ziptech-child/stylea26c.css]
[agestar.ng/wp-content/themes/ziptech/framework/colore63c.css]
[agestar.ng/wp-content/plugins/elementor/assets/lib/eicons/fonts/eicons080a.eot]
[agestar.ng/wp-content/plugins/elementor/assets/lib/eicons/fonts/eicons080a.woff2]
[agestar.ng/wp-content/plugins/elementor/assets/lib/eicons/fonts/eicons080a.woff]
[agestar.ng/wp-content/plugins/elementor/assets/lib/eicons/fonts/eicons080a.ttf]
[agestar.ng/wp-content/plugins/elementor/assets/lib/eicons/css/elementor-icons.min7bb8.css]
[agestar.ng/wp-content/plugins/elementor/assets/css/frontend-lite.minf3b2.css]
[agestar.ng/wp-content/plugins/elementor/assets/lib/swiper/v8/css/swiper.min94a4.css]
[agestar.ng/wp-content/uploads/elementor/css/post-8157571a.css]
[agestar.ng/wp-content/plugins/elementor-pro/assets/css/frontend-lite.minf3df.css]
[agestar.ng/wp-content/uploads/elementor/css/global98f1.css]
[agestar.ng/wp-content/uploads/2024/01/pngegg-10.png]
[agestar.ng/wp-content/uploads/elementor/css/post-89f86e.css]
[agestar.ng/xmlrpc0db0.html]
[agestar.ng/wp-json/wp/v2/pages/8739.json]
[agestar.ng/wp-json/oembed/1.0/embeda7be.json]
[agestar.ng/wp-json/oembed/1.0/embed5805]
[agestar.ng/wp-content/uploads/2024/01/AGE-STAR-COMPANY_consultancy.png]
[shtheme.com/demosd/ziptech/wp-content/uploads/2023/05/working-process-shape.png]
[agestar.ng/wp-content/uploads/2024/01/AGE-STAR-COMPANY_Concultancy_chart.png]
[agestar.ng/wp-content/uploads/2024/01/Age_Star31-training.jpg]
[agestar.ng/wp-content/uploads/2024/01/Age_Star28-training.jpg]
[agestar.ng/wp-content/uploads/2024/01/Age_Star26-training.jpg]
[agestar.ng/wp-content/uploads/2024/01/Age_Star24-training.jpg]
[agestar.ng/wp-content/uploads/2024/01/Age_Star23-training.jpg]
[agestar.ng/wp-content/uploads/2024/01/Age_Star21-training.jpg]
[agestar.ng/wp-content/uploads/2024/01/Age_Star20-training.jpg]
[agestar.ng/wp-content/uploads/2024/01/Age_Star19-training.jpg]
[agestar.ng/wp-content/uploads/2024/01/Age_Star18-training.jpg]
[agestar.ng/training/index.html]
[agestar.ng/wp-json/wp/v2/pages/100.json]
[agestar.ng/wp-json/oembed/1.0/embed3a72.json]
[agestar.ng/wp-json/oembed/1.0/embed51c9]
[shtheme.com/demosd/ziptech/wp-content/uploads/2023/05/home6-img1.png]
[shtheme.com/demosd/ziptech/wp-content/uploads/2023/05/request-form-style2-img.jpg]
[shtheme.com/demosd/ziptech/wp-content/uploads/2023/05/about5-img1.jpg]
[agestar.ng/wp-content/uploads/2024/01/AGE-STAR-COMPANY-PROFILE_logo_white.png]
[agestar.ng/wp-content/uploads/2024/01/AGE-STAR-COMPANY_consultancy_1.png]
[agestar.ng/wp-content/uploads/2024/01/AGE-STAR-COMPANY_conculting_Approach.png]
[agestar.ng/wp-content/uploads/2024/01/AGE-STAR-COMPANY_conculting_Approach_1.png]
[agestar.ng/wp-content/uploads/2024/01/AGE-STAR-COMPANY_conculting_Approach_2.png]
[agestar.ng/wp-content/uploads/2024/01/Age_Star67.jpg]
[agestar.ng/consultancy/index.html]
[s.ytimg.com/yts/jsbin/www-widgetapi-vflS50iB-/www-widgetapi.js]
[agestar.ng/wp-json/wp/v2/pages/95.json]
[agestar.ng/wp-json/oembed/1.0/embedd19f.json]
[agestar.ng/wp-json/oembed/1.0/embed46f7]
[agestar.ng/wp-content/uploads/2024/01/pngegg-7.png]
[agestar.ng/wp-content/uploads/2024/01/Age_Star17-training.jpg]
[shtheme.com/demosd/ziptech/wp-content/uploads/2023/05/about3-img1.jpg]
[agestar.ng/wp-content/uploads/2024/01/telework-5906362_1280.jpg]
[agestar.ng/wp-content/uploads/2023/03/Age_Star32.jpg]
[agestar.ng/info-tech/index.html]
[agestar.ng/wp-json/wp/v2/pages/93.json]
[agestar.ng/wp-json/oembed/1.0/embede90c.json]
[agestar.ng/wp-json/oembed/1.0/embedb125]
[agestar.ng/wp-content/uploads/2024/01/pngegg-9.png]
[shtheme.com/demosd/ziptech/wp-content/uploads/2023/04/arrow-video.png]
[shtheme.com/demosd/ziptech/wp-content/uploads/2023/04/brand-object1.png]
[agestar.ng/wp-content/uploads/2024/01/Age_Star7-1.jpg]
[agestar.ng/wp-content/uploads/2024/01/Age_Star41.jpg]
[agestar.ng/wp-content/uploads/2024/01/Age_Star37.jpg]
[agestar.ng/wp-content/uploads/2024/01/Age_Star39.jpg]
[agestar.ng/wp-content/uploads/2024/01/Age_Star40.jpg]
[agestar.ng/general-construction/index.html]
[agestar.ng/wp-json/wp/v2/pages/8398.json]
[agestar.ng/wp-json/oembed/1.0/embed471c.json]
[agestar.ng/wp-json/oembed/1.0/embed8196]
[agestar.ng/wp-content/uploads/2024/01/pngegg-1.png]
[agestar.ng/wp-content/uploads/2024/01/Age_Star46.jpg]
[agestar.ng/wp-content/uploads/2024/01/zane-lee-9cnzCy4YsNE-unsplash-scaled.jpg]
[agestar.ng/real-estate-development/index.html]
[agestar.ng/wp-json/wp/v2/pages/8414.json]
[agestar.ng/wp-json/oembed/1.0/embeda73d.json]
[agestar.ng/road-construction/index.html]
[agestar.ng/contact-us/index.html]
[agestar.ng/wp-content/plugins/elementor/assets/lib/animations/animations.minf3b2.css]
[agestar.ng/wp-content/plugins/revslider/public/assets/css/rs6847e.css]
[agestar.ng/wp-content/themes/ziptech/css/bootstrap.min.css]
[agestar.ng/wp-content/themes/ziptech/fonts/fontawesome/css/all.css]
[agestar.ng/wp-content/themes/ziptech/fonts/webexbaseicon/style.css]
[agestar.ng/wp-content/themes/ziptech/fonts/webexthemeicon/style.css]
[agestar.ng/wp-content/themes/ziptech/css/nice-select.css]
[agestar.ng/wp-content/themes/ziptech/css/twentytwenty.css]
[agestar.ng/wp-content/themes/ziptech/css/owl.carousel.min.css]
[agestar.ng/wp-content/themes/ziptech/css/magnific-popup.css]
[agestar.ng/wp-content/themes/ziptech/css/animate.css]
[agestar.ng/wp-content/themes/ziptech/css/custom-animation.css]
[agestar.ng/wp-content/themes/ziptech/css/kursor.css]
[agestar.ng/wp-content/themes/ziptech/images/bg/bg1.html]
[agestar.ng/wp-content/themes/ziptech/images/bg/bg2.html]
[agestar.ng/wp-content/themes/ziptech/images/bg/bg3.html]
[agestar.ng/wp-content/themes/ziptech/images/objects/brush-obj1.html]
[agestar.ng/wp-content/themes/ziptech/images/bg/banner1.html]
[agestar.ng/wp-content/themes/ziptech/images/service/1.html]
[agestar.ng/wp-content/themes/ziptech/images/bg/contact-form-bg.html]
[agestar.ng/wp-content/plugins/elementor/assets/lib/eicons/fonts/eicons080a.svg]
[agestar.ng/wp-content/uploads/elementor/css/post-87392582.css]
[agestar.ng/index5744.html]
[agestar.ng/wp-content/uploads/elementor/css/post-100f05a.css]
[agestar.ng/index3f5a.html]
[agestar.ng/wp-content/uploads/elementor/css/post-958682.css]
[agestar.ng/index5eda.html]
[agestar.ng/wp-content/uploads/elementor/css/post-93830c.css]
[agestar.ng/index36d4.html]
[agestar.ng/wp-content/uploads/elementor/css/post-8398f9ec.css]
[agestar.ng/index2530.html]
[agestar.ng/wp-content/uploads/elementor/css/post-8414d039.css]
[agestar.ng/index49f9.html]
[agestar.ng/wp-json/oembed/1.0/embed587b]
[agestar.ng/wp-content/uploads/2024/01/pngegg-2.png]
[agestar.ng/wp-content/uploads/2024/01/Age_Star47.jpg]
[agestar.ng/wp-content/uploads/2024/01/Age_Star49.jpg]
[agestar.ng/wp-json/wp/v2/pages/154]
[agestar.ng/index87e6.html]
[agestar.ng/wp-json/oembed/1.0/embed449d]
[agestar.ng/wp-json/oembed/1.0/embed70e4]
[shtheme.com/demosd/ziptech/wp-content/uploads/2023/04/1.jpg]
[agestar.ng/wp-content/plugins/revslider/public/assets/fonts/revicons/revicons90c6.eot]
[agestar.ng/wp-content/plugins/revslider/public/assets/fonts/revicons/revicons90c6.woff]
[agestar.ng/wp-content/plugins/revslider/public/assets/fonts/revicons/revicons90c6.ttf]
[agestar.ng/wp-content/plugins/revslider/public/assets/fonts/revicons/revicons90c6.svg]
[agestar.ng/wp-content/plugins/revslider/public/assets/css/openhand.cur]
[agestar.ng/wp-content/plugins/revslider/public/assets/css/closedhand.cur]
[agestar.ng/wp-content/plugins/revslider/public/assets/assets/gridtile.png]
[agestar.ng/wp-content/plugins/revslider/public/assets/assets/gridtile_white.png]
[agestar.ng/wp-content/plugins/revslider/public/assets/assets/gridtile_3x3.png]
[agestar.ng/wp-content/plugins/revslider/public/assets/assets/gridtile_3x3_white.png]
[agestar.ng/wp-content/plugins/revslider/public/assets/assets/coloredbg.png]
[agestar.ng/wp-content/plugins/revslider/public/assets/assets/loader.gif]
[agestar.ng/wp-content/themes/ziptech/fonts/fontawesome/webfonts/fa-brands-400.eot]
[agestar.ng/wp-content/themes/ziptech/fonts/fontawesome/webfonts/fa-brands-400d41d.eot]
[agestar.ng/wp-content/themes/ziptech/fonts/fontawesome/webfonts/fa-brands-400.woff2]
[agestar.ng/wp-content/themes/ziptech/fonts/fontawesome/webfonts/fa-brands-400.woff]
[agestar.ng/wp-content/themes/ziptech/fonts/fontawesome/webfonts/fa-brands-400.ttf]
[agestar.ng/wp-content/themes/ziptech/fonts/fontawesome/webfonts/fa-brands-400.svg]
[agestar.ng/wp-content/themes/ziptech/fonts/fontawesome/webfonts/fa-regular-400.eot]
[agestar.ng/wp-content/themes/ziptech/fonts/fontawesome/webfonts/fa-regular-400d41d.eot]
[agestar.ng/wp-content/themes/ziptech/fonts/fontawesome/webfonts/fa-regular-400.woff2]
[agestar.ng/wp-content/themes/ziptech/fonts/fontawesome/webfonts/fa-regular-400.woff]
[agestar.ng/wp-content/themes/ziptech/fonts/fontawesome/webfonts/fa-regular-400.ttf]
[agestar.ng/wp-content/themes/ziptech/fonts/fontawesome/webfonts/fa-regular-400.svg]
[agestar.ng/wp-content/themes/ziptech/fonts/fontawesome/webfonts/fa-solid-900.eot]
[agestar.ng/wp-content/themes/ziptech/fonts/fontawesome/webfonts/fa-solid-900d41d.eot]
[agestar.ng/wp-content/themes/ziptech/fonts/fontawesome/webfonts/fa-solid-900.woff2]
[agestar.ng/wp-content/themes/ziptech/fonts/fontawesome/webfonts/fa-solid-900.woff]
[agestar.ng/wp-content/themes/ziptech/fonts/fontawesome/webfonts/fa-solid-900.ttf]
[agestar.ng/wp-content/themes/ziptech/fonts/fontawesome/webfonts/fa-solid-900.svg]
[agestar.ng/wp-content/themes/ziptech/fonts/webexbaseicon/fonts/webexbaseicon3f4b.eot]
[agestar.ng/wp-content/themes/ziptech/fonts/webexbaseicon/fonts/webexbaseicon3f4b.ttf]
[agestar.ng/wp-content/themes/ziptech/fonts/webexbaseicon/fonts/webexbaseicon3f4b.woff]
[agestar.ng/wp-content/themes/ziptech/fonts/webexbaseicon/fonts/webexbaseicon3f4b.svg]
[agestar.ng/wp-content/themes/ziptech/fonts/webexthemeicon/fonts/webexthemeicon6c41.eot]
[agestar.ng/wp-content/themes/ziptech/fonts/webexthemeicon/fonts/webexthemeicon6c41.ttf]
[agestar.ng/wp-content/themes/ziptech/fonts/webexthemeicon/fonts/webexthemeicon6c41.woff]
[agestar.ng/wp-content/themes/ziptech/fonts/webexthemeicon/fonts/webexthemeicon6c41.svg]
[agestar.ng/wp-content/themes/ziptech/css/owl.video.play.png]
